18:31:58 **** Build of configuration Debug for project LED_toggle ****
make -j12 all 
arm-none-eabi-gcc "../Drivers/STM32F4xx_HAL_Driver/Src/stm32f4xx_hal.c" -mcpu=cortex-m4 -std=gnu11 -g3 -DDEBUG -DUSE_HAL_DRIVER -DSTM32F407xx -c -I../Core/Inc -I../Drivers/STM32F4xx_HAL_Driver/Inc -I../Drivers/STM32F4xx_HAL_Driver/Inc/Legacy -I../Drivers/CMSIS/Device/ST/STM32F4xx/Include -I../Drivers/CMSIS/Include -O0 -ffunction-sections -fdata-sections -Wall -fstack-usage -fcyclomatic-complexity -MMD -MP -MF"Drivers/STM32F4xx_HAL_Driver/Src/stm32f4xx_hal.d" -MT"Drivers/STM32F4xx_HAL_Driver/Src/stm32f4xx_hal.o" --specs=nano.specs -mfpu=fpv4-sp-d16 -mfloat-abi=soft -mthumb -o "Drivers/STM32F4xx_HAL_Driver/Src/stm32f4xx_hal.o"
arm-none-eabi-gcc "../Drivers/STM32F4xx_HAL_Driver/Src/stm32f4xx_hal_cortex.c" -mcpu=cortex-m4 -std=gnu11 -g3 -DDEBUG -DUSE_HAL_DRIVER -DSTM32F407xx -c -I../Core/Inc -I../Drivers/STM32F4xx_HAL_Driver/Inc -I../Drivers/STM32F4xx_HAL_Driver/Inc/Legacy -I../Drivers/CMSIS/Device/ST/STM32F4xx/Include -I../Drivers/CMSIS/Include -O0 -ffunction-sections -fdata-sections -Wall -fstack-usage -fcyclomatic-complexity -MMD -MP -MF"Drivers/STM32F4xx_HAL_Driver/Src/stm32f4xx_hal_cortex.d" -MT"Drivers/STM32F4xx_HAL_Driver/Src/stm32f4xx_hal_cortex.o" --specs=nano.specs -mfpu=fpv4-sp-d16 -mfloat-abi=soft -mthumb -o "Drivers/STM32F4xx_HAL_Driver/Src/stm32f4xx_hal_cortex.o"
arm-none-eabi-gcc "../Drivers/STM32F4xx_HAL_Driver/Src/stm32f4xx_hal_dma.c" -mcpu=cortex-m4 -std=gnu11 -g3 -DDEBUG -DUSE_HAL_DRIVER -DSTM32F407xx -c -I../Core/Inc -I../Drivers/STM32F4xx_HAL_Driver/Inc -I../Drivers/STM32F4xx_HAL_Driver/Inc/Legacy -I../Drivers/CMSIS/Device/ST/STM32F4xx/Include -I../Drivers/CMSIS/Include -O0 -ffunction-sections -fdata-sections -Wall -fstack-usage -fcyclomatic-complexity -MMD -MP -MF"Drivers/STM32F4xx_HAL_Driver/Src/stm32f4xx_hal_dma.d" -MT"Drivers/STM32F4xx_HAL_Driver/Src/stm32f4xx_hal_dma.o" --specs=nano.specs -mfpu=fpv4-sp-d16 -mfloat-abi=soft -mthumb -o "Drivers/STM32F4xx_HAL_Driver/Src/stm32f4xx_hal_dma.o"
arm-none-eabi-gcc "../Drivers/STM32F4xx_HAL_Driver/Src/stm32f4xx_hal_dma_ex.c" -mcpu=cortex-m4 -std=gnu11 -g3 -DDEBUG -DUSE_HAL_DRIVER -DSTM32F407xx -c -I../Core/Inc -I../Drivers/STM32F4xx_HAL_Driver/Inc -I../Drivers/STM32F4xx_HAL_Driver/Inc/Legacy -I../Drivers/CMSIS/Device/ST/STM32F4xx/Include -I../Drivers/CMSIS/Include -O0 -ffunction-sections -fdata-sections -Wall -fstack-usage -fcyclomatic-complexity -MMD -MP -MF"Drivers/STM32F4xx_HAL_Driver/Src/stm32f4xx_hal_dma_ex.d" -MT"Drivers/STM32F4xx_HAL_Driver/Src/stm32f4xx_hal_dma_ex.o" --specs=nano.specs -mfpu=fpv4-sp-d16 -mfloat-abi=soft -mthumb -o "Drivers/STM32F4xx_HAL_Driver/Src/stm32f4xx_hal_dma_ex.o"
arm-none-eabi-gcc "../Drivers/STM32F4xx_HAL_Driver/Src/stm32f4xx_hal_exti.c" -mcpu=cortex-m4 -std=gnu11 -g3 -DDEBUG -DUSE_HAL_DRIVER -DSTM32F407xx -c -I../Core/Inc -I../Drivers/STM32F4xx_HAL_Driver/Inc -I../Drivers/STM32F4xx_HAL_Driver/Inc/Legacy -I../Drivers/CMSIS/Device/ST/STM32F4xx/Include -I../Drivers/CMSIS/Include -O0 -ffunction-sections -fdata-sections -Wall -fstack-usage -fcyclomatic-complexity -MMD -MP -MF"Drivers/STM32F4xx_HAL_Driver/Src/stm32f4xx_hal_exti.d" -MT"Drivers/STM32F4xx_HAL_Driver/Src/stm32f4xx_hal_exti.o" --specs=nano.specs -mfpu=fpv4-sp-d16 -mfloat-abi=soft -mthumb -o "Drivers/STM32F4xx_HAL_Driver/Src/stm32f4xx_hal_exti.o"
arm-none-eabi-gcc "../Drivers/STM32F4xx_HAL_Driver/Src/stm32f4xx_hal_flash.c" -mcpu=cortex-m4 -std=gnu11 -g3 -DDEBUG -DUSE_HAL_DRIVER -DSTM32F407xx -c -I../Core/Inc -I../Drivers/STM32F4xx_HAL_Driver/Inc -I../Drivers/STM32F4xx_HAL_Driver/Inc/Legacy -I../Drivers/CMSIS/Device/ST/STM32F4xx/Include -I../Drivers/CMSIS/Include -O0 -ffunction-sections -fdata-sections -Wall -fstack-usage -fcyclomatic-complexity -MMD -MP -MF"Drivers/STM32F4xx_HAL_Driver/Src/stm32f4xx_hal_flash.d" -MT"Drivers/STM32F4xx_HAL_Driver/Src/stm32f4xx_hal_flash.o" --specs=nano.specs -mfpu=fpv4-sp-d16 -mfloat-abi=soft -mthumb -o "Drivers/STM32F4xx_HAL_Driver/Src/stm32f4xx_hal_flash.o"
arm-none-eabi-gcc "../Drivers/STM32F4xx_HAL_Driver/Src/stm32f4xx_hal_flash_ex.c" -mcpu=cortex-m4 -std=gnu11 -g3 -DDEBUG -DUSE_HAL_DRIVER -DSTM32F407xx -c -I../Core/Inc -I../Drivers/STM32F4xx_HAL_Driver/Inc -I../Drivers/STM32F4xx_HAL_Driver/Inc/Legacy -I../Drivers/CMSIS/Device/ST/STM32F4xx/Include -I../Drivers/CMSIS/Include -O0 -ffunction-sections -fdata-sections -Wall -fstack-usage -fcyclomatic-complexity -MMD -MP -MF"Drivers/STM32F4xx_HAL_Driver/Src/stm32f4xx_hal_flash_ex.d" -MT"Drivers/STM32F4xx_HAL_Driver/Src/stm32f4xx_hal_flash_ex.o" --specs=nano.specs -mfpu=fpv4-sp-d16 -mfloat-abi=soft -mthumb -o "Drivers/STM32F4xx_HAL_Driver/Src/stm32f4xx_hal_flash_ex.o"
arm-none-eabi-gcc "../Drivers/STM32F4xx_HAL_Driver/Src/stm32f4xx_hal_flash_ramfunc.c" -mcpu=cortex-m4 -std=gnu11 -g3 -DDEBUG -DUSE_HAL_DRIVER -DSTM32F407xx -c -I../Core/Inc -I../Drivers/STM32F4xx_HAL_Driver/Inc -I../Drivers/STM32F4xx_HAL_Driver/Inc/Legacy -I../Drivers/CMSIS/Device/ST/STM32F4xx/Include -I../Drivers/CMSIS/Include -O0 -ffunction-sections -fdata-sections -Wall -fstack-usage -fcyclomatic-complexity -MMD -MP -MF"Drivers/STM32F4xx_HAL_Driver/Src/stm32f4xx_hal_flash_ramfunc.d" -MT"Drivers/STM32F4xx_HAL_Driver/Src/stm32f4xx_hal_flash_ramfunc.o" --specs=nano.specs -mfpu=fpv4-sp-d16 -mfloat-abi=soft -mthumb -o "Drivers/STM32F4xx_HAL_Driver/Src/stm32f4xx_hal_flash_ramfunc.o"
arm-none-eabi-gcc "../Drivers/STM32F4xx_HAL_Driver/Src/stm32f4xx_hal_gpio.c" -mcpu=cortex-m4 -std=gnu11 -g3 -DDEBUG -DUSE_HAL_DRIVER -DSTM32F407xx -c -I../Core/Inc -I../Drivers/STM32F4xx_HAL_Driver/Inc -I../Drivers/STM32F4xx_HAL_Driver/Inc/Legacy -I../Drivers/CMSIS/Device/ST/STM32F4xx/Include -I../Drivers/CMSIS/Include -O0 -ffunction-sections -fdata-sections -Wall -fstack-usage -fcyclomatic-complexity -MMD -MP -MF"Drivers/STM32F4xx_HAL_Driver/Src/stm32f4xx_hal_gpio.d" -MT"Drivers/STM32F4xx_HAL_Driver/Src/stm32f4xx_hal_gpio.o" --specs=nano.specs -mfpu=fpv4-sp-d16 -mfloat-abi=soft -mthumb -o "Drivers/STM32F4xx_HAL_Driver/Src/stm32f4xx_hal_gpio.o"
arm-none-eabi-gcc "../Drivers/STM32F4xx_HAL_Driver/Src/stm32f4xx_hal_pwr.c" -mcpu=cortex-m4 -std=gnu11 -g3 -DDEBUG -DUSE_HAL_DRIVER -DSTM32F407xx -c -I../Core/Inc -I../Drivers/STM32F4xx_HAL_Driver/Inc -I../Drivers/STM32F4xx_HAL_Driver/Inc/Legacy -I../Drivers/CMSIS/Device/ST/STM32F4xx/Include -I../Drivers/CMSIS/Include -O0 -ffunction-sections -fdata-sections -Wall -fstack-usage -fcyclomatic-complexity -MMD -MP -MF"Drivers/STM32F4xx_HAL_Driver/Src/stm32f4xx_hal_pwr.d" -MT"Drivers/STM32F4xx_HAL_Driver/Src/stm32f4xx_hal_pwr.o" --specs=nano.specs -mfpu=fpv4-sp-d16 -mfloat-abi=soft -mthumb -o "Drivers/STM32F4xx_HAL_Driver/Src/stm32f4xx_hal_pwr.o"
arm-none-eabi-gcc "../Drivers/STM32F4xx_HAL_Driver/Src/stm32f4xx_hal_pwr_ex.c" -mcpu=cortex-m4 -std=gnu11 -g3 -DDEBUG -DUSE_HAL_DRIVER -DSTM32F407xx -c -I../Core/Inc -I../Drivers/STM32F4xx_HAL_Driver/Inc -I../Drivers/STM32F4xx_HAL_Driver/Inc/Legacy -I../Drivers/CMSIS/Device/ST/STM32F4xx/Include -I../Drivers/CMSIS/Include -O0 -ffunction-sections -fdata-sections -Wall -fstack-usage -fcyclomatic-complexity -MMD -MP -MF"Drivers/STM32F4xx_HAL_Driver/Src/stm32f4xx_hal_pwr_ex.d" -MT"Drivers/STM32F4xx_HAL_Driver/Src/stm32f4xx_hal_pwr_ex.o" --specs=nano.specs -mfpu=fpv4-sp-d16 -mfloat-abi=soft -mthumb -o "Drivers/STM32F4xx_HAL_Driver/Src/stm32f4xx_hal_pwr_ex.o"
arm-none-eabi-gcc "../Drivers/STM32F4xx_HAL_Driver/Src/stm32f4xx_hal_rcc.c" -mcpu=cortex-m4 -std=gnu11 -g3 -DDEBUG -DUSE_HAL_DRIVER -DSTM32F407xx -c -I../Core/Inc -I../Drivers/STM32F4xx_HAL_Driver/Inc -I../Drivers/STM32F4xx_HAL_Driver/Inc/Legacy -I../Drivers/CMSIS/Device/ST/STM32F4xx/Include -I../Drivers/CMSIS/Include -O0 -ffunction-sections -fdata-sections -Wall -fstack-usage -fcyclomatic-complexity -MMD -MP -MF"Drivers/STM32F4xx_HAL_Driver/Src/stm32f4xx_hal_rcc.d" -MT"Drivers/STM32F4xx_HAL_Driver/Src/stm32f4xx_hal_rcc.o" --specs=nano.specs -mfpu=fpv4-sp-d16 -mfloat-abi=soft -mthumb -o "Drivers/STM32F4xx_HAL_Driver/Src/stm32f4xx_hal_rcc.o"
arm-none-eabi-gcc "../Drivers/STM32F4xx_HAL_Driver/Src/stm32f4xx_hal_rcc_ex.c" -mcpu=cortex-m4 -std=gnu11 -g3 -DDEBUG -DUSE_HAL_DRIVER -DSTM32F407xx -c -I../Core/Inc -I../Drivers/STM32F4xx_HAL_Driver/Inc -I../Drivers/STM32F4xx_HAL_Driver/Inc/Legacy -I../Drivers/CMSIS/Device/ST/STM32F4xx/Include -I../Drivers/CMSIS/Include -O0 -ffunction-sections -fdata-sections -Wall -fstack-usage -fcyclomatic-complexity -MMD -MP -MF"Drivers/STM32F4xx_HAL_Driver/Src/stm32f4xx_hal_rcc_ex.d" -MT"Drivers/STM32F4xx_HAL_Driver/Src/stm32f4xx_hal_rcc_ex.o" --specs=nano.specs -mfpu=fpv4-sp-d16 -mfloat-abi=soft -mthumb -o "Drivers/STM32F4xx_HAL_Driver/Src/stm32f4xx_hal_rcc_ex.o"
arm-none-eabi-gcc "../Drivers/STM32F4xx_HAL_Driver/Src/stm32f4xx_hal_tim.c" -mcpu=cortex-m4 -std=gnu11 -g3 -DDEBUG -DUSE_HAL_DRIVER -DSTM32F407xx -c -I../Core/Inc -I../Drivers/STM32F4xx_HAL_Driver/Inc -I../Drivers/STM32F4xx_HAL_Driver/Inc/Legacy -I../Drivers/CMSIS/Device/ST/STM32F4xx/Include -I../Drivers/CMSIS/Include -O0 -ffunction-sections -fdata-sections -Wall -fstack-usage -fcyclomatic-complexity -MMD -MP -MF"Drivers/STM32F4xx_HAL_Driver/Src/stm32f4xx_hal_tim.d" -MT"Drivers/STM32F4xx_HAL_Driver/Src/stm32f4xx_hal_tim.o" --specs=nano.specs -mfpu=fpv4-sp-d16 -mfloat-abi=soft -mthumb -o "Drivers/STM32F4xx_HAL_Driver/Src/stm32f4xx_hal_tim.o"
arm-none-eabi-gcc "../Drivers/STM32F4xx_HAL_Driver/Src/stm32f4xx_hal_tim_ex.c" -mcpu=cortex-m4 -std=gnu11 -g3 -DDEBUG -DUSE_HAL_DRIVER -DSTM32F407xx -c -I../Core/Inc -I../Drivers/STM32F4xx_HAL_Driver/Inc -I../Drivers/STM32F4xx_HAL_Driver/Inc/Legacy -I../Drivers/CMSIS/Device/ST/STM32F4xx/Include -I../Drivers/CMSIS/Include -O0 -ffunction-sections -fdata-sections -Wall -fstack-usage -fcyclomatic-complexity -MMD -MP -MF"Drivers/STM32F4xx_HAL_Driver/Src/stm32f4xx_hal_tim_ex.d" -MT"Drivers/STM32F4xx_HAL_Driver/Src/stm32f4xx_hal_tim_ex.o" --specs=nano.specs -mfpu=fpv4-sp-d16 -mfloat-abi=soft -mthumb -o "Drivers/STM32F4xx_HAL_Driver/Src/stm32f4xx_hal_tim_ex.o"
arm-none-eabi-gcc "../Drivers/STM32F4xx_HAL_Driver/Src/stm32f4xx_hal_uart.c" -mcpu=cortex-m4 -std=gnu11 -g3 -DDEBUG -DUSE_HAL_DRIVER -DSTM32F407xx -c -I../Core/Inc -I../Drivers/STM32F4xx_HAL_Driver/Inc -I../Drivers/STM32F4xx_HAL_Driver/Inc/Legacy -I../Drivers/CMSIS/Device/ST/STM32F4xx/Include -I../Drivers/CMSIS/Include -O0 -ffunction-sections -fdata-sections -Wall -fstack-usage -fcyclomatic-complexity -MMD -MP -MF"Drivers/STM32F4xx_HAL_Driver/Src/stm32f4xx_hal_uart.d" -MT"Drivers/STM32F4xx_HAL_Driver/Src/stm32f4xx_hal_uart.o" --specs=nano.specs -mfpu=fpv4-sp-d16 -mfloat-abi=soft -mthumb -o "Drivers/STM32F4xx_HAL_Driver/Src/stm32f4xx_hal_uart.o"
arm-none-eabi-gcc -mcpu=cortex-m4 -g3 -DDEBUG -c -x assembler-with-cpp -MMD -MP -MF"Core/Startup/startup_stm32f407vgtx.d" -MT"Core/Startup/startup_stm32f407vgtx.o" --specs=nano.specs -mfpu=fpv4-sp-d16 -mfloat-abi=soft -mthumb -o "Core/Startup/startup_stm32f407vgtx.o" "../Core/Startup/startup_stm32f407vgtx.s"
arm-none-eabi-gcc "../Core/Src/lcd.c" -mcpu=cortex-m4 -std=gnu11 -g3 -DDEBUG -DUSE_HAL_DRIVER -DSTM32F407xx -c -I../Core/Inc -I../Drivers/STM32F4xx_HAL_Driver/Inc -I../Drivers/STM32F4xx_HAL_Driver/Inc/Legacy -I../Drivers/CMSIS/Device/ST/STM32F4xx/Include -I../Drivers/CMSIS/Include -O0 -ffunction-sections -fdata-sections -Wall -fstack-usage -fcyclomatic-complexity -MMD -MP -MF"Core/Src/lcd.d" -MT"Core/Src/lcd.o" --specs=nano.specs -mfpu=fpv4-sp-d16 -mfloat-abi=soft -mthumb -o "Core/Src/lcd.o"
arm-none-eabi-gcc "../Core/Src/main.c" -mcpu=cortex-m4 -std=gnu11 -g3 -DDEBUG -DUSE_HAL_DRIVER -DSTM32F407xx -c -I../Core/Inc -I../Drivers/STM32F4xx_HAL_Driver/Inc -I../Drivers/STM32F4xx_HAL_Driver/Inc/Legacy -I../Drivers/CMSIS/Device/ST/STM32F4xx/Include -I../Drivers/CMSIS/Include -O0 -ffunction-sections -fdata-sections -Wall -fstack-usage -fcyclomatic-complexity -MMD -MP -MF"Core/Src/main.d" -MT"Core/Src/main.o" --specs=nano.specs -mfpu=fpv4-sp-d16 -mfloat-abi=soft -mthumb -o "Core/Src/main.o"
arm-none-eabi-gcc "../Core/Src/stm32f4xx_hal_msp.c" -mcpu=cortex-m4 -std=gnu11 -g3 -DDEBUG -DUSE_HAL_DRIVER -DSTM32F407xx -c -I../Core/Inc -I../Drivers/STM32F4xx_HAL_Driver/Inc -I../Drivers/STM32F4xx_HAL_Driver/Inc/Legacy -I../Drivers/CMSIS/Device/ST/STM32F4xx/Include -I../Drivers/CMSIS/Include -O0 -ffunction-sections -fdata-sections -Wall -fstack-usage -fcyclomatic-complexity -MMD -MP -MF"Core/Src/stm32f4xx_hal_msp.d" -MT"Core/Src/stm32f4xx_hal_msp.o" --specs=nano.specs -mfpu=fpv4-sp-d16 -mfloat-abi=soft -mthumb -o "Core/Src/stm32f4xx_hal_msp.o"
arm-none-eabi-gcc "../Core/Src/stm32f4xx_it.c" -mcpu=cortex-m4 -std=gnu11 -g3 -DDEBUG -DUSE_HAL_DRIVER -DSTM32F407xx -c -I../Core/Inc -I../Drivers/STM32F4xx_HAL_Driver/Inc -I../Drivers/STM32F4xx_HAL_Driver/Inc/Legacy -I../Drivers/CMSIS/Device/ST/STM32F4xx/Include -I../Drivers/CMSIS/Include -O0 -ffunction-sections -fdata-sections -Wall -fstack-usage -fcyclomatic-complexity -MMD -MP -MF"Core/Src/stm32f4xx_it.d" -MT"Core/Src/stm32f4xx_it.o" --specs=nano.specs -mfpu=fpv4-sp-d16 -mfloat-abi=soft -mthumb -o "Core/Src/stm32f4xx_it.o"
arm-none-eabi-gcc "../Core/Src/syscalls.c" -mcpu=cortex-m4 -std=gnu11 -g3 -DDEBUG -DUSE_HAL_DRIVER -DSTM32F407xx -c -I../Core/Inc -I../Drivers/STM32F4xx_HAL_Driver/Inc -I../Drivers/STM32F4xx_HAL_Driver/Inc/Legacy -I../Drivers/CMSIS/Device/ST/STM32F4xx/Include -I../Drivers/CMSIS/Include -O0 -ffunction-sections -fdata-sections -Wall -fstack-usage -fcyclomatic-complexity -MMD -MP -MF"Core/Src/syscalls.d" -MT"Core/Src/syscalls.o" --specs=nano.specs -mfpu=fpv4-sp-d16 -mfloat-abi=soft -mthumb -o "Core/Src/syscalls.o"
arm-none-eabi-gcc "../Core/Src/sysmem.c" -mcpu=cortex-m4 -std=gnu11 -g3 -DDEBUG -DUSE_HAL_DRIVER -DSTM32F407xx -c -I../Core/Inc -I../Drivers/STM32F4xx_HAL_Driver/Inc -I../Drivers/STM32F4xx_HAL_Driver/Inc/Legacy -I../Drivers/CMSIS/Device/ST/STM32F4xx/Include -I../Drivers/CMSIS/Include -O0 -ffunction-sections -fdata-sections -Wall -fstack-usage -fcyclomatic-complexity -MMD -MP -MF"Core/Src/sysmem.d" -MT"Core/Src/sysmem.o" --specs=nano.specs -mfpu=fpv4-sp-d16 -mfloat-abi=soft -mthumb -o "Core/Src/sysmem.o"
arm-none-eabi-gcc "../Core/Src/system_stm32f4xx.c" -mcpu=cortex-m4 -std=gnu11 -g3 -DDEBUG -DUSE_HAL_DRIVER -DSTM32F407xx -c -I../Core/Inc -I../Drivers/STM32F4xx_HAL_Driver/Inc -I../Drivers/STM32F4xx_HAL_Driver/Inc/Legacy -I../Drivers/CMSIS/Device/ST/STM32F4xx/Include -I../Drivers/CMSIS/Include -O0 -ffunction-sections -fdata-sections -Wall -fstack-usage -fcyclomatic-complexity -MMD -MP -MF"Core/Src/system_stm32f4xx.d" -MT"Core/Src/system_stm32f4xx.o" --specs=nano.specs -mfpu=fpv4-sp-d16 -mfloat-abi=soft -mthumb -o "Core/Src/system_stm32f4xx.o"
../Core/Src/lcd.c:10:8: error: unknown type name 'I2C_HandleTypeDef'; did you mean 'TIM_HandleTypeDef'?
   10 | extern I2C_HandleTypeDef hi2c1;
      |        ^~~~~~~~~~~~~~~~~
      |        TIM_HandleTypeDef
../Core/Src/lcd.c: In function 'lcd_write_nibble':
../Core/Src/lcd.c:39:9: error: implicit declaration of function 'HAL_I2C_Master_Transmit' [-Wimplicit-function-declaration]
   39 |         HAL_I2C_Master_Transmit(&hi2c1, LCD_SLAVE_ADDR, &data, 1, HAL_MAX_DELAY);
      |         ^~~~~~~~~~~~~~~~~~~~~~~
make: *** [Core/Src/subdir.mk:37: Core/Src/lcd.o] Error 1
make: *** Waiting for unfinished jobs....
"make -j12 all" terminated with exit code 2. Build might be incomplete.
18:33:58 **** Incremental Build of configuration Debug for project LED_toggle ****
make -j12 all 
arm-none-eabi-gcc "../Core/Src/main.c" -mcpu=cortex-m4 -std=gnu11 -g3 -DDEBUG -DUSE_HAL_DRIVER -DSTM32F407xx -c -I../Core/Inc -I../Drivers/STM32F4xx_HAL_Driver/Inc -I../Drivers/STM32F4xx_HAL_Driver/Inc/Legacy -I../Drivers/CMSIS/Device/ST/STM32F4xx/Include -I../Drivers/CMSIS/Include -O0 -ffunction-sections -fdata-sections -Wall -fstack-usage -fcyclomatic-complexity -MMD -MP -MF"Core/Src/main.d" -MT"Core/Src/main.o" --specs=nano.specs -mfpu=fpv4-sp-d16 -mfloat-abi=soft -mthumb -o "Core/Src/main.o"
arm-none-eabi-gcc "../Core/Src/stm32f4xx_hal_msp.c" -mcpu=cortex-m4 -std=gnu11 -g3 -DDEBUG -DUSE_HAL_DRIVER -DSTM32F407xx -c -I../Core/Inc -I../Drivers/STM32F4xx_HAL_Driver/Inc -I../Drivers/STM32F4xx_HAL_Driver/Inc/Legacy -I../Drivers/CMSIS/Device/ST/STM32F4xx/Include -I../Drivers/CMSIS/Include -O0 -ffunction-sections -fdata-sections -Wall -fstack-usage -fcyclomatic-complexity -MMD -MP -MF"Core/Src/stm32f4xx_hal_msp.d" -MT"Core/Src/stm32f4xx_hal_msp.o" --specs=nano.specs -mfpu=fpv4-sp-d16 -mfloat-abi=soft -mthumb -o "Core/Src/stm32f4xx_hal_msp.o"
arm-none-eabi-gcc "../Core/Src/stm32f4xx_it.c" -mcpu=cortex-m4 -std=gnu11 -g3 -DDEBUG -DUSE_HAL_DRIVER -DSTM32F407xx -c -I../Core/Inc -I../Drivers/STM32F4xx_HAL_Driver/Inc -I../Drivers/STM32F4xx_HAL_Driver/Inc/Legacy -I../Drivers/CMSIS/Device/ST/STM32F4xx/Include -I../Drivers/CMSIS/Include -O0 -ffunction-sections -fdata-sections -Wall -fstack-usage -fcyclomatic-complexity -MMD -MP -MF"Core/Src/stm32f4xx_it.d" -MT"Core/Src/stm32f4xx_it.o" --specs=nano.specs -mfpu=fpv4-sp-d16 -mfloat-abi=soft -mthumb -o "Core/Src/stm32f4xx_it.o"
arm-none-eabi-gcc "../Core/Src/syscalls.c" -mcpu=cortex-m4 -std=gnu11 -g3 -DDEBUG -DUSE_HAL_DRIVER -DSTM32F407xx -c -I../Core/Inc -I../Drivers/STM32F4xx_HAL_Driver/Inc -I../Drivers/STM32F4xx_HAL_Driver/Inc/Legacy -I../Drivers/CMSIS/Device/ST/STM32F4xx/Include -I../Drivers/CMSIS/Include -O0 -ffunction-sections -fdata-sections -Wall -fstack-usage -fcyclomatic-complexity -MMD -MP -MF"Core/Src/syscalls.d" -MT"Core/Src/syscalls.o" --specs=nano.specs -mfpu=fpv4-sp-d16 -mfloat-abi=soft -mthumb -o "Core/Src/syscalls.o"
arm-none-eabi-gcc "../Core/Src/sysmem.c" -mcpu=cortex-m4 -std=gnu11 -g3 -DDEBUG -DUSE_HAL_DRIVER -DSTM32F407xx -c -I../Core/Inc -I../Drivers/STM32F4xx_HAL_Driver/Inc -I../Drivers/STM32F4xx_HAL_Driver/Inc/Legacy -I../Drivers/CMSIS/Device/ST/STM32F4xx/Include -I../Drivers/CMSIS/Include -O0 -ffunction-sections -fdata-sections -Wall -fstack-usage -fcyclomatic-complexity -MMD -MP -MF"Core/Src/sysmem.d" -MT"Core/Src/sysmem.o" --specs=nano.specs -mfpu=fpv4-sp-d16 -mfloat-abi=soft -mthumb -o "Core/Src/sysmem.o"
arm-none-eabi-gcc "../Core/Src/system_stm32f4xx.c" -mcpu=cortex-m4 -std=gnu11 -g3 -DDEBUG -DUSE_HAL_DRIVER -DSTM32F407xx -c -I../Core/Inc -I../Drivers/STM32F4xx_HAL_Driver/Inc -I../Drivers/STM32F4xx_HAL_Driver/Inc/Legacy -I../Drivers/CMSIS/Device/ST/STM32F4xx/Include -I../Drivers/CMSIS/Include -O0 -ffunction-sections -fdata-sections -Wall -fstack-usage -fcyclomatic-complexity -MMD -MP -MF"Core/Src/system_stm32f4xx.d" -MT"Core/Src/system_stm32f4xx.o" --specs=nano.specs -mfpu=fpv4-sp-d16 -mfloat-abi=soft -mthumb -o "Core/Src/system_stm32f4xx.o"
arm-none-eabi-gcc -o "LED_toggle.elf" @"objects.list"   -mcpu=cortex-m4 -T"/home/sunbeam/Desktop/MCPI_96810/LED_toggle/STM32F407VGTX_FLASH.ld" --specs=nosys.specs -Wl,-Map="LED_toggle.map" -Wl,--gc-sections -static --specs=nano.specs -mfpu=fpv4-sp-d16 -mfloat-abi=soft -mthumb -Wl,--start-group -lc -lm -Wl,--end-group
Finished building target: LED_toggle.elf
 
arm-none-eabi-size  LED_toggle.elf 
arm-none-eabi-objdump -h -S LED_toggle.elf  > "LED_toggle.list"
   text	   data	    bss	    dec	    hex	filename
  11304	     12	   1716	  13032	   32e8	LED_toggle.elf
Finished building: default.size.stdout
 
Finished building: LED_toggle.list
 
18:34:44 **** Incremental Build of configuration Debug for project LED_toggle ****
make -j12 all 
arm-none-eabi-gcc "../Core/Src/main.c" -mcpu=cortex-m4 -std=gnu11 -g3 -DDEBUG -DUSE_HAL_DRIVER -DSTM32F407xx -c -I../Core/Inc -I../Drivers/STM32F4xx_HAL_Driver/Inc -I../Drivers/STM32F4xx_HAL_Driver/Inc/Legacy -I../Drivers/CMSIS/Device/ST/STM32F4xx/Include -I../Drivers/CMSIS/Include -O0 -ffunction-sections -fdata-sections -Wall -fstack-usage -fcyclomatic-complexity -MMD -MP -MF"Core/Src/main.d" -MT"Core/Src/main.o" --specs=nano.specs -mfpu=fpv4-sp-d16 -mfloat-abi=soft -mthumb -o "Core/Src/main.o"
../Core/Src/main.c:23:1: error: expected identifier or '(' before string constant
   23 | "lcd.h"
      | ^~~~~~~
../Core/Src/main.c: In function 'main':
../Core/Src/main.c:106:11: error: implicit declaration of function 'lcd_shift_display' [-Wimplicit-function-declaration]
  106 |           lcd_shift_display();
      |           ^~~~~~~~~~~~~~~~~
../Core/Src/main.c: In function 'MX_TIM7_Init':
../Core/Src/main.c:180:3: error: 'htim7' undeclared (first use in this function)
  180 |   htim7.Instance = TIM7;
      |   ^~~~~
../Core/Src/main.c:180:3: note: each undeclared identifier is reported only once for each function it appears in
../Core/Src/main.c: At top level:
../Core/Src/main.c:283:29: error: unknown type name 'unit16_t'; did you mean 'uint16_t'?
  283 | void HAL_GPIO_EXIT_callback(unit16_t GPIO_Pin)
      |                             ^~~~~~~~
      |                             uint16_t
make: *** [Core/Src/subdir.mk:34: Core/Src/main.o] Error 1
"make -j12 all" terminated with exit code 2. Build might be incomplete.
18:35:51 **** Incremental Build of configuration Debug for project LED_toggle ****
make -j12 all 
arm-none-eabi-gcc "../Core/Src/main.c" -mcpu=cortex-m4 -std=gnu11 -g3 -DDEBUG -DUSE_HAL_DRIVER -DSTM32F407xx -c -I../Core/Inc -I../Drivers/STM32F4xx_HAL_Driver/Inc -I../Drivers/STM32F4xx_HAL_Driver/Inc/Legacy -I../Drivers/CMSIS/Device/ST/STM32F4xx/Include -I../Drivers/CMSIS/Include -O0 -ffunction-sections -fdata-sections -Wall -fstack-usage -fcyclomatic-complexity -MMD -MP -MF"Core/Src/main.d" -MT"Core/Src/main.o" --specs=nano.specs -mfpu=fpv4-sp-d16 -mfloat-abi=soft -mthumb -o "Core/Src/main.o"
../Core/Src/main.c:23:1: error: expected identifier or '(' before string constant
   23 | "lcd.h"
      | ^~~~~~~
../Core/Src/main.c: In function 'main':
../Core/Src/main.c:106:11: error: implicit declaration of function 'lcd_shift_display' [-Wimplicit-function-declaration]
  106 |           lcd_shift_display();
      |           ^~~~~~~~~~~~~~~~~
../Core/Src/main.c: In function 'MX_TIM7_Init':
../Core/Src/main.c:180:3: error: 'htim7' undeclared (first use in this function)
  180 |   htim7.Instance = TIM7;
      |   ^~~~~
../Core/Src/main.c:180:3: note: each undeclared identifier is reported only once for each function it appears in
../Core/Src/main.c: At top level:
../Core/Src/main.c:283:29: error: unknown type name 'unit15_t'; did you mean 'uint16_t'?
  283 | void HAL_GPIO_EXIT_callback(unit15_t GPIO_Pin)
      |                             ^~~~~~~~
      |                             uint16_t
make: *** [Core/Src/subdir.mk:34: Core/Src/main.o] Error 1
"make -j12 all" terminated with exit code 2. Build might be incomplete.
18:54:22 **** Incremental Build of configuration Debug for project LED_toggle ****
make -j12 all 
arm-none-eabi-gcc "../Core/Src/main.c" -mcpu=cortex-m4 -std=gnu11 -g3 -DDEBUG -DUSE_HAL_DRIVER -DSTM32F407xx -c -I../Core/Inc -I../Drivers/STM32F4xx_HAL_Driver/Inc -I../Drivers/STM32F4xx_HAL_Driver/Inc/Legacy -I../Drivers/CMSIS/Device/ST/STM32F4xx/Include -I../Drivers/CMSIS/Include -O0 -ffunction-sections -fdata-sections -Wall -fstack-usage -fcyclomatic-complexity -MMD -MP -MF"Core/Src/main.d" -MT"Core/Src/main.o" --specs=nano.specs -mfpu=fpv4-sp-d16 -mfloat-abi=soft -mthumb -o "Core/Src/main.o"
../Core/Src/main.c:23:1: error: expected identifier or '(' before string constant
   23 | "lcd.h"
      | ^~~~~~~
../Core/Src/main.c: In function 'HAL_TIM_PeriodElapsedCallBack':
../Core/Src/main.c:67:21: error: 'htim7' undeclared (first use in this function); did you mean 'htim'?
   67 |         if(htim == &htim7)
      |                     ^~~~~
      |                     htim
../Core/Src/main.c:67:21: note: each undeclared identifier is reported only once for each function it appears in
../Core/Src/main.c:69:17: error: implicit declaration of function 'HAL_GPIO_Toggle'; did you mean 'HAL_GPIO_TogglePin'? [-Wimplicit-function-declaration]
   69 |                 HAL_GPIO_Toggle(GPIOD,GPIO_PIN_15);
      |                 ^~~~~~~~~~~~~~~
      |                 HAL_GPIO_TogglePin
../Core/Src/main.c:70:20: error: 'Count' undeclared (first use in this function); did you mean 'count'?
   70 |                 if(Count%2 == 0)
      |                    ^~~~~
      |                    count
../Core/Src/main.c:72:44: error: 'uart2' undeclared (first use in this function); did you mean 'huart2'?
   72 |                         HAL_UART_Transmit(&uart2,(uin8_t*)"NOT PRESSED | LED:OFF\r\n",23,HAL_MAX_DELAY);
      |                                            ^~~~~
      |                                            huart2
../Core/Src/main.c:72:51: error: 'uin8_t' undeclared (first use in this function); did you mean 'uint8_t'?
   72 |                         HAL_UART_Transmit(&uart2,(uin8_t*)"NOT PRESSED | LED:OFF\r\n",23,HAL_MAX_DELAY);
      |                                                   ^~~~~~
      |                                                   uint8_t
../Core/Src/main.c:72:58: error: expected expression before ')' token
   72 |                         HAL_UART_Transmit(&uart2,(uin8_t*)"NOT PRESSED | LED:OFF\r\n",23,HAL_MAX_DELAY);
      |                                                          ^
../Core/Src/main.c:72:25: error: too few arguments to function 'HAL_UART_Transmit'
   72 |                         HAL_UART_Transmit(&uart2,(uin8_t*)"NOT PRESSED | LED:OFF\r\n",23,HAL_MAX_DELAY);
      |                         ^~~~~~~~~~~~~~~~~
In file included from ../Core/Inc/stm32f4xx_hal_conf.h:411,
                 from ../Drivers/STM32F4xx_HAL_Driver/Inc/stm32f4xx_hal.h:29,
                 from ../Core/Inc/main.h:30,
                 from ../Core/Src/main.c:20:
../Drivers/STM32F4xx_HAL_Driver/Inc/stm32f4xx_hal_uart.h:745:19: note: declared here
  745 | HAL_StatusTypeDef HAL_UART_Transmit(UART_HandleTypeDef *huart, const uint8_t *pData, uint16_t Size, uint32_t Timeout);
      |                   ^~~~~~~~~~~~~~~~~
../Core/Src/main.c:77:58: error: expected expression before ')' token
   77 |                         HAL_UART_Transmit(&uart2,(uin8_t*)"NOT PRESSED | LED:ON\r\n",23,HAL_MAX_DELAY);
      |                                                          ^
../Core/Src/main.c:77:25: error: too few arguments to function 'HAL_UART_Transmit'
   77 |                         HAL_UART_Transmit(&uart2,(uin8_t*)"NOT PRESSED | LED:ON\r\n",23,HAL_MAX_DELAY);
      |                         ^~~~~~~~~~~~~~~~~
../Drivers/STM32F4xx_HAL_Driver/Inc/stm32f4xx_hal_uart.h:745:19: note: declared here
  745 | HAL_StatusTypeDef HAL_UART_Transmit(UART_HandleTypeDef *huart, const uint8_t *pData, uint16_t Size, uint32_t Timeout);
      |                   ^~~~~~~~~~~~~~~~~
../Core/Src/main.c: In function 'main':
../Core/Src/main.c:115:1: error: implicit declaration of function 'HAL_TIM_Base_Sart_IT'; did you mean 'HAL_TIM_Base_Start_IT'? [-Wimplicit-function-declaration]
  115 | HAL_TIM_Base_Sart_IT(&htim7);
      | ^~~~~~~~~~~~~~~~~~~~
      | HAL_TIM_Base_Start_IT
../Core/Src/main.c:115:23: error: 'htim7' undeclared (first use in this function)
  115 | HAL_TIM_Base_Sart_IT(&htim7);
      |                       ^~~~~
../Core/Src/main.c:117:20: error: 'uart2' undeclared (first use in this function); did you mean 'huart2'?
  117 | HAL_UART_Transmit(&uart2,(uin8_t*)"SUNBEAM!!\r\n",9,HAL_MAX_DELAY);
      |                    ^~~~~
      |                    huart2
../Core/Src/main.c:117:27: error: 'uin8_t' undeclared (first use in this function); did you mean 'uint8_t'?
  117 | HAL_UART_Transmit(&uart2,(uin8_t*)"SUNBEAM!!\r\n",9,HAL_MAX_DELAY);
      |                           ^~~~~~
      |                           uint8_t
../Core/Src/main.c:117:34: error: expected expression before ')' token
  117 | HAL_UART_Transmit(&uart2,(uin8_t*)"SUNBEAM!!\r\n",9,HAL_MAX_DELAY);
      |                                  ^
../Core/Src/main.c:117:1: error: too few arguments to function 'HAL_UART_Transmit'
  117 | HAL_UART_Transmit(&uart2,(uin8_t*)"SUNBEAM!!\r\n",9,HAL_MAX_DELAY);
      | ^~~~~~~~~~~~~~~~~
../Drivers/STM32F4xx_HAL_Driver/Inc/stm32f4xx_hal_uart.h:745:19: note: declared here
  745 | HAL_StatusTypeDef HAL_UART_Transmit(UART_HandleTypeDef *huart, const uint8_t *pData, uint16_t Size, uint32_t Timeout);
      |                   ^~~~~~~~~~~~~~~~~
../Core/Src/main.c: In function 'MX_TIM7_Init':
../Core/Src/main.c:197:3: error: 'htim7' undeclared (first use in this function)
  197 |   htim7.Instance = TIM7;
      |   ^~~~~
../Core/Src/main.c: At top level:
../Core/Src/main.c:300:30: error: unknown type name 'unit16_t'; did you mean 'uint16_t'?
  300 | void HAL_GPIO_EXIT_Callback (unit16_t GPIO_Pin)
      |                              ^~~~~~~~
      |                              uint16_t
make: *** [Core/Src/subdir.mk:34: Core/Src/main.o] Error 1
"make -j12 all" terminated with exit code 2. Build might be incomplete.
18:56:48 **** Incremental Build of configuration Debug for project LED_toggle ****
make -j12 all 
arm-none-eabi-gcc "../Core/Src/main.c" -mcpu=cortex-m4 -std=gnu11 -g3 -DDEBUG -DUSE_HAL_DRIVER -DSTM32F407xx -c -I../Core/Inc -I../Drivers/STM32F4xx_HAL_Driver/Inc -I../Drivers/STM32F4xx_HAL_Driver/Inc/Legacy -I../Drivers/CMSIS/Device/ST/STM32F4xx/Include -I../Drivers/CMSIS/Include -O0 -ffunction-sections -fdata-sections -Wall -fstack-usage -fcyclomatic-complexity -MMD -MP -MF"Core/Src/main.d" -MT"Core/Src/main.o" --specs=nano.specs -mfpu=fpv4-sp-d16 -mfloat-abi=soft -mthumb -o "Core/Src/main.o"
../Core/Src/main.c:23:1: error: expected identifier or '(' before string constant
   23 | "lcd.h"
      | ^~~~~~~
../Core/Src/main.c: In function 'HAL_TIM_PeriodElapsedCallBack':
../Core/Src/main.c:67:21: error: 'htim7' undeclared (first use in this function); did you mean 'htim'?
   67 |         if(htim == &htim7)
      |                     ^~~~~
      |                     htim
../Core/Src/main.c:67:21: note: each undeclared identifier is reported only once for each function it appears in
../Core/Src/main.c:69:17: error: implicit declaration of function 'HAL_GPIO_Toggle'; did you mean 'HAL_GPIO_TogglePin'? [-Wimplicit-function-declaration]
   69 |                 HAL_GPIO_Toggle(GPIOD,GPIO_PIN_15);
      |                 ^~~~~~~~~~~~~~~
      |                 HAL_GPIO_TogglePin
../Core/Src/main.c:70:20: error: 'Count' undeclared (first use in this function); did you mean 'count'?
   70 |                 if(Count%2 == 0)
      |                    ^~~~~
      |                    count
../Core/Src/main.c:72:44: error: 'uart2' undeclared (first use in this function); did you mean 'huart2'?
   72 |                         HAL_UART_Transmit(&uart2,(uin8_t*)"NOT PRESSED | LED:OFF\r\n",23,HAL_MAX_DELAY);
      |                                            ^~~~~
      |                                            huart2
../Core/Src/main.c:72:51: error: 'uin8_t' undeclared (first use in this function); did you mean 'uint8_t'?
   72 |                         HAL_UART_Transmit(&uart2,(uin8_t*)"NOT PRESSED | LED:OFF\r\n",23,HAL_MAX_DELAY);
      |                                                   ^~~~~~
      |                                                   uint8_t
../Core/Src/main.c:72:58: error: expected expression before ')' token
   72 |                         HAL_UART_Transmit(&uart2,(uin8_t*)"NOT PRESSED | LED:OFF\r\n",23,HAL_MAX_DELAY);
      |                                                          ^
../Core/Src/main.c:72:25: error: too few arguments to function 'HAL_UART_Transmit'
   72 |                         HAL_UART_Transmit(&uart2,(uin8_t*)"NOT PRESSED | LED:OFF\r\n",23,HAL_MAX_DELAY);
      |                         ^~~~~~~~~~~~~~~~~
In file included from ../Core/Inc/stm32f4xx_hal_conf.h:411,
                 from ../Drivers/STM32F4xx_HAL_Driver/Inc/stm32f4xx_hal.h:29,
                 from ../Core/Inc/main.h:30,
                 from ../Core/Src/main.c:20:
../Drivers/STM32F4xx_HAL_Driver/Inc/stm32f4xx_hal_uart.h:745:19: note: declared here
  745 | HAL_StatusTypeDef HAL_UART_Transmit(UART_HandleTypeDef *huart, const uint8_t *pData, uint16_t Size, uint32_t Timeout);
      |                   ^~~~~~~~~~~~~~~~~
../Core/Src/main.c:77:58: error: expected expression before ')' token
   77 |                         HAL_UART_Transmit(&uart2,(uin8_t*)"NOT PRESSED | LED:ON\r\n",23,HAL_MAX_DELAY);
      |                                                          ^
../Core/Src/main.c:77:25: error: too few arguments to function 'HAL_UART_Transmit'
   77 |                         HAL_UART_Transmit(&uart2,(uin8_t*)"NOT PRESSED | LED:ON\r\n",23,HAL_MAX_DELAY);
      |                         ^~~~~~~~~~~~~~~~~
../Drivers/STM32F4xx_HAL_Driver/Inc/stm32f4xx_hal_uart.h:745:19: note: declared here
  745 | HAL_StatusTypeDef HAL_UART_Transmit(UART_HandleTypeDef *huart, const uint8_t *pData, uint16_t Size, uint32_t Timeout);
      |                   ^~~~~~~~~~~~~~~~~
../Core/Src/main.c: In function 'main':
../Core/Src/main.c:115:1: error: implicit declaration of function 'HAL_TIM_Base_Sart_IT'; did you mean 'HAL_TIM_Base_Start_IT'? [-Wimplicit-function-declaration]
  115 | HAL_TIM_Base_Sart_IT(&htim7);
      | ^~~~~~~~~~~~~~~~~~~~
      | HAL_TIM_Base_Start_IT
../Core/Src/main.c:115:23: error: 'htim7' undeclared (first use in this function)
  115 | HAL_TIM_Base_Sart_IT(&htim7);
      |                       ^~~~~
../Core/Src/main.c:117:20: error: 'uart2' undeclared (first use in this function); did you mean 'huart2'?
  117 | HAL_UART_Transmit(&uart2,(uin8_t*)"SUNBEAM!!\r\n",9,HAL_MAX_DELAY);
      |                    ^~~~~
      |                    huart2
../Core/Src/main.c:117:27: error: 'uin8_t' undeclared (first use in this function); did you mean 'uint8_t'?
  117 | HAL_UART_Transmit(&uart2,(uin8_t*)"SUNBEAM!!\r\n",9,HAL_MAX_DELAY);
      |                           ^~~~~~
      |                           uint8_t
../Core/Src/main.c:117:34: error: expected expression before ')' token
  117 | HAL_UART_Transmit(&uart2,(uin8_t*)"SUNBEAM!!\r\n",9,HAL_MAX_DELAY);
      |                                  ^
../Core/Src/main.c:117:1: error: too few arguments to function 'HAL_UART_Transmit'
  117 | HAL_UART_Transmit(&uart2,(uin8_t*)"SUNBEAM!!\r\n",9,HAL_MAX_DELAY);
      | ^~~~~~~~~~~~~~~~~
../Drivers/STM32F4xx_HAL_Driver/Inc/stm32f4xx_hal_uart.h:745:19: note: declared here
  745 | HAL_StatusTypeDef HAL_UART_Transmit(UART_HandleTypeDef *huart, const uint8_t *pData, uint16_t Size, uint32_t Timeout);
      |                   ^~~~~~~~~~~~~~~~~
../Core/Src/main.c: In function 'MX_TIM7_Init':
../Core/Src/main.c:197:3: error: 'htim7' undeclared (first use in this function)
  197 |   htim7.Instance = TIM7;
      |   ^~~~~
../Core/Src/main.c: At top level:
../Core/Src/main.c:300:30: error: unknown type name 'unit16_t'; did you mean 'uint16_t'?
  300 | void HAL_GPIO_EXIT_Callback (unit16_t GPIO_Pin)
      |                              ^~~~~~~~
      |                              uint16_t
make: *** [Core/Src/subdir.mk:34: Core/Src/main.o] Error 1
"make -j12 all" terminated with exit code 2. Build might be incomplete.
18:58:04 **** Incremental Build of configuration Debug for project LED_toggle ****
make -j12 all 
arm-none-eabi-gcc "../Core/Src/main.c" -mcpu=cortex-m4 -std=gnu11 -g3 -DDEBUG -DUSE_HAL_DRIVER -DSTM32F407xx -c -I../Core/Inc -I../Drivers/STM32F4xx_HAL_Driver/Inc -I../Drivers/STM32F4xx_HAL_Driver/Inc/Legacy -I../Drivers/CMSIS/Device/ST/STM32F4xx/Include -I../Drivers/CMSIS/Include -O0 -ffunction-sections -fdata-sections -Wall -fstack-usage -fcyclomatic-complexity -MMD -MP -MF"Core/Src/main.d" -MT"Core/Src/main.o" --specs=nano.specs -mfpu=fpv4-sp-d16 -mfloat-abi=soft -mthumb -o "Core/Src/main.o"
../Core/Src/main.c:23:1: error: expected identifier or '(' before string constant
   23 | "lcd.h"
      | ^~~~~~~
../Core/Src/main.c: In function 'HAL_TIM_PeriodElapsedCallBack':
../Core/Src/main.c:67:21: error: 'htim7' undeclared (first use in this function); did you mean 'htim'?
   67 |         if(htim == &htim7)
      |                     ^~~~~
      |                     htim
../Core/Src/main.c:67:21: note: each undeclared identifier is reported only once for each function it appears in
../Core/Src/main.c:69:17: error: implicit declaration of function 'HAL_GPIO_Toggle'; did you mean 'HAL_GPIO_TogglePin'? [-Wimplicit-function-declaration]
   69 |                 HAL_GPIO_Toggle(GPIOD,GPIO_PIN_15);
      |                 ^~~~~~~~~~~~~~~
      |                 HAL_GPIO_TogglePin
../Core/Src/main.c:70:20: error: 'Count' undeclared (first use in this function); did you mean 'count'?
   70 |                 if(Count%2 == 0)
      |                    ^~~~~
      |                    count
../Core/Src/main.c:72:44: error: 'uart2' undeclared (first use in this function); did you mean 'huart2'?
   72 |                         HAL_UART_Transmit(&uart2,(uin8_t*)"NOT PRESSED | LED:OFF\r\n",23,HAL_MAX_DELAY);
      |                                            ^~~~~
      |                                            huart2
../Core/Src/main.c:72:51: error: 'uin8_t' undeclared (first use in this function); did you mean 'uint8_t'?
   72 |                         HAL_UART_Transmit(&uart2,(uin8_t*)"NOT PRESSED | LED:OFF\r\n",23,HAL_MAX_DELAY);
      |                                                   ^~~~~~
      |                                                   uint8_t
../Core/Src/main.c:72:58: error: expected expression before ')' token
   72 |                         HAL_UART_Transmit(&uart2,(uin8_t*)"NOT PRESSED | LED:OFF\r\n",23,HAL_MAX_DELAY);
      |                                                          ^
../Core/Src/main.c:72:25: error: too few arguments to function 'HAL_UART_Transmit'
   72 |                         HAL_UART_Transmit(&uart2,(uin8_t*)"NOT PRESSED | LED:OFF\r\n",23,HAL_MAX_DELAY);
      |                         ^~~~~~~~~~~~~~~~~
In file included from ../Core/Inc/stm32f4xx_hal_conf.h:411,
                 from ../Drivers/STM32F4xx_HAL_Driver/Inc/stm32f4xx_hal.h:29,
                 from ../Core/Inc/main.h:30,
                 from ../Core/Src/main.c:20:
../Drivers/STM32F4xx_HAL_Driver/Inc/stm32f4xx_hal_uart.h:745:19: note: declared here
  745 | HAL_StatusTypeDef HAL_UART_Transmit(UART_HandleTypeDef *huart, const uint8_t *pData, uint16_t Size, uint32_t Timeout);
      |                   ^~~~~~~~~~~~~~~~~
../Core/Src/main.c:77:58: error: expected expression before ')' token
   77 |                         HAL_UART_Transmit(&uart2,(uin8_t*)"NOT PRESSED | LED:ON\r\n",23,HAL_MAX_DELAY);
      |                                                          ^
../Core/Src/main.c:77:25: error: too few arguments to function 'HAL_UART_Transmit'
   77 |                         HAL_UART_Transmit(&uart2,(uin8_t*)"NOT PRESSED | LED:ON\r\n",23,HAL_MAX_DELAY);
      |                         ^~~~~~~~~~~~~~~~~
../Drivers/STM32F4xx_HAL_Driver/Inc/stm32f4xx_hal_uart.h:745:19: note: declared here
  745 | HAL_StatusTypeDef HAL_UART_Transmit(UART_HandleTypeDef *huart, const uint8_t *pData, uint16_t Size, uint32_t Timeout);
      |                   ^~~~~~~~~~~~~~~~~
../Core/Src/main.c: In function 'main':
../Core/Src/main.c:115:1: error: implicit declaration of function 'HAL_TIM_Base_Sart_IT'; did you mean 'HAL_TIM_Base_Start_IT'? [-Wimplicit-function-declaration]
  115 | HAL_TIM_Base_Sart_IT(&htim7);
      | ^~~~~~~~~~~~~~~~~~~~
      | HAL_TIM_Base_Start_IT
../Core/Src/main.c:115:23: error: 'htim7' undeclared (first use in this function)
  115 | HAL_TIM_Base_Sart_IT(&htim7);
      |                       ^~~~~
../Core/Src/main.c:117:20: error: 'uart2' undeclared (first use in this function); did you mean 'huart2'?
  117 | HAL_UART_Transmit(&uart2,(uin8_t*)"SUNBEAM!!\r\n",9,HAL_MAX_DELAY);
      |                    ^~~~~
      |                    huart2
../Core/Src/main.c:117:27: error: 'uin8_t' undeclared (first use in this function); did you mean 'uint8_t'?
  117 | HAL_UART_Transmit(&uart2,(uin8_t*)"SUNBEAM!!\r\n",9,HAL_MAX_DELAY);
      |                           ^~~~~~
      |                           uint8_t
../Core/Src/main.c:117:34: error: expected expression before ')' token
  117 | HAL_UART_Transmit(&uart2,(uin8_t*)"SUNBEAM!!\r\n",9,HAL_MAX_DELAY);
      |                                  ^
../Core/Src/main.c:117:1: error: too few arguments to function 'HAL_UART_Transmit'
  117 | HAL_UART_Transmit(&uart2,(uin8_t*)"SUNBEAM!!\r\n",9,HAL_MAX_DELAY);
      | ^~~~~~~~~~~~~~~~~
../Drivers/STM32F4xx_HAL_Driver/Inc/stm32f4xx_hal_uart.h:745:19: note: declared here
  745 | HAL_StatusTypeDef HAL_UART_Transmit(UART_HandleTypeDef *huart, const uint8_t *pData, uint16_t Size, uint32_t Timeout);
      |                   ^~~~~~~~~~~~~~~~~
../Core/Src/main.c: In function 'MX_TIM7_Init':
../Core/Src/main.c:197:3: error: 'htim7' undeclared (first use in this function)
  197 |   htim7.Instance = TIM7;
      |   ^~~~~
../Core/Src/main.c: At top level:
../Core/Src/main.c:300:30: error: unknown type name 'unit16_t'; did you mean 'uint16_t'?
  300 | void HAL_GPIO_EXIT_Callback (unit16_t GPIO_Pin)
      |                              ^~~~~~~~
      |                              uint16_t
make: *** [Core/Src/subdir.mk:34: Core/Src/main.o] Error 1
"make -j12 all" terminated with exit code 2. Build might be incomplete.
19:00:03 **** Incremental Build of configuration Debug for project LED_toggle ****
make -j12 all 
arm-none-eabi-gcc "../Core/Src/main.c" -mcpu=cortex-m4 -std=gnu11 -g3 -DDEBUG -DUSE_HAL_DRIVER -DSTM32F407xx -c -I../Core/Inc -I../Drivers/STM32F4xx_HAL_Driver/Inc -I../Drivers/STM32F4xx_HAL_Driver/Inc/Legacy -I../Drivers/CMSIS/Device/ST/STM32F4xx/Include -I../Drivers/CMSIS/Include -O0 -ffunction-sections -fdata-sections -Wall -fstack-usage -fcyclomatic-complexity -MMD -MP -MF"Core/Src/main.d" -MT"Core/Src/main.o" --specs=nano.specs -mfpu=fpv4-sp-d16 -mfloat-abi=soft -mthumb -o "Core/Src/main.o"
../Core/Src/main.c:23:1: error: expected identifier or '(' before string constant
   23 | "lcd.h"
      | ^~~~~~~
../Core/Src/main.c: In function 'HAL_TIM_PeriodElapsedCallBack':
../Core/Src/main.c:67:21: error: 'htim7' undeclared (first use in this function); did you mean 'htim'?
   67 |         if(htim == &htim7)
      |                     ^~~~~
      |                     htim
../Core/Src/main.c:67:21: note: each undeclared identifier is reported only once for each function it appears in
../Core/Src/main.c:69:17: error: implicit declaration of function 'HAL_GPIO_Toggle'; did you mean 'HAL_GPIO_TogglePin'? [-Wimplicit-function-declaration]
   69 |                 HAL_GPIO_Toggle(GPIOD,GPIO_PIN_15);
      |                 ^~~~~~~~~~~~~~~
      |                 HAL_GPIO_TogglePin
../Core/Src/main.c:70:20: error: 'Count' undeclared (first use in this function); did you mean 'count'?
   70 |                 if(Count%2 == 0)
      |                    ^~~~~
      |                    count
../Core/Src/main.c:72:44: error: 'uart2' undeclared (first use in this function); did you mean 'huart2'?
   72 |                         HAL_UART_Transmit(&uart2,(uin8_t*)"NOT PRESSED | LED:OFF\r\n",23,HAL_MAX_DELAY);
      |                                            ^~~~~
      |                                            huart2
../Core/Src/main.c:72:51: error: 'uin8_t' undeclared (first use in this function); did you mean 'uint8_t'?
   72 |                         HAL_UART_Transmit(&uart2,(uin8_t*)"NOT PRESSED | LED:OFF\r\n",23,HAL_MAX_DELAY);
      |                                                   ^~~~~~
      |                                                   uint8_t
../Core/Src/main.c:72:58: error: expected expression before ')' token
   72 |                         HAL_UART_Transmit(&uart2,(uin8_t*)"NOT PRESSED | LED:OFF\r\n",23,HAL_MAX_DELAY);
      |                                                          ^
../Core/Src/main.c:72:25: error: too few arguments to function 'HAL_UART_Transmit'
   72 |                         HAL_UART_Transmit(&uart2,(uin8_t*)"NOT PRESSED | LED:OFF\r\n",23,HAL_MAX_DELAY);
      |                         ^~~~~~~~~~~~~~~~~
In file included from ../Core/Inc/stm32f4xx_hal_conf.h:411,
                 from ../Drivers/STM32F4xx_HAL_Driver/Inc/stm32f4xx_hal.h:29,
                 from ../Core/Inc/main.h:30,
                 from ../Core/Src/main.c:20:
../Drivers/STM32F4xx_HAL_Driver/Inc/stm32f4xx_hal_uart.h:745:19: note: declared here
  745 | HAL_StatusTypeDef HAL_UART_Transmit(UART_HandleTypeDef *huart, const uint8_t *pData, uint16_t Size, uint32_t Timeout);
      |                   ^~~~~~~~~~~~~~~~~
../Core/Src/main.c:77:58: error: expected expression before ')' token
   77 |                         HAL_UART_Transmit(&uart2,(uin8_t*)"NOT PRESSED | LED:ON\r\n",23,HAL_MAX_DELAY);
      |                                                          ^
../Core/Src/main.c:77:25: error: too few arguments to function 'HAL_UART_Transmit'
   77 |                         HAL_UART_Transmit(&uart2,(uin8_t*)"NOT PRESSED | LED:ON\r\n",23,HAL_MAX_DELAY);
      |                         ^~~~~~~~~~~~~~~~~
../Drivers/STM32F4xx_HAL_Driver/Inc/stm32f4xx_hal_uart.h:745:19: note: declared here
  745 | HAL_StatusTypeDef HAL_UART_Transmit(UART_HandleTypeDef *huart, const uint8_t *pData, uint16_t Size, uint32_t Timeout);
      |                   ^~~~~~~~~~~~~~~~~
../Core/Src/main.c: In function 'main':
../Core/Src/main.c:115:1: error: implicit declaration of function 'HAL_TIM_Base_Sart_IT'; did you mean 'HAL_TIM_Base_Start_IT'? [-Wimplicit-function-declaration]
  115 | HAL_TIM_Base_Sart_IT(&htim7);
      | ^~~~~~~~~~~~~~~~~~~~
      | HAL_TIM_Base_Start_IT
../Core/Src/main.c:115:23: error: 'htim7' undeclared (first use in this function)
  115 | HAL_TIM_Base_Sart_IT(&htim7);
      |                       ^~~~~
../Core/Src/main.c:117:20: error: 'uart2' undeclared (first use in this function); did you mean 'huart2'?
  117 | HAL_UART_Transmit(&uart2,(uin8_t*)"SUNBEAM!!\r\n",9,HAL_MAX_DELAY);
      |                    ^~~~~
      |                    huart2
../Core/Src/main.c:117:27: error: 'uin8_t' undeclared (first use in this function); did you mean 'uint8_t'?
  117 | HAL_UART_Transmit(&uart2,(uin8_t*)"SUNBEAM!!\r\n",9,HAL_MAX_DELAY);
      |                           ^~~~~~
      |                           uint8_t
../Core/Src/main.c:117:34: error: expected expression before ')' token
  117 | HAL_UART_Transmit(&uart2,(uin8_t*)"SUNBEAM!!\r\n",9,HAL_MAX_DELAY);
      |                                  ^
../Core/Src/main.c:117:1: error: too few arguments to function 'HAL_UART_Transmit'
  117 | HAL_UART_Transmit(&uart2,(uin8_t*)"SUNBEAM!!\r\n",9,HAL_MAX_DELAY);
      | ^~~~~~~~~~~~~~~~~
../Drivers/STM32F4xx_HAL_Driver/Inc/stm32f4xx_hal_uart.h:745:19: note: declared here
  745 | HAL_StatusTypeDef HAL_UART_Transmit(UART_HandleTypeDef *huart, const uint8_t *pData, uint16_t Size, uint32_t Timeout);
      |                   ^~~~~~~~~~~~~~~~~
../Core/Src/main.c: In function 'MX_TIM7_Init':
../Core/Src/main.c:197:3: error: 'htim7' undeclared (first use in this function)
  197 |   htim7.Instance = TIM7;
      |   ^~~~~
../Core/Src/main.c: At top level:
../Core/Src/main.c:300:30: error: unknown type name 'unit16_t'; did you mean 'uint16_t'?
  300 | void HAL_GPIO_EXIT_Callback (unit16_t GPIO_Pin)
      |                              ^~~~~~~~
      |                              uint16_t
make: *** [Core/Src/subdir.mk:34: Core/Src/main.o] Error 1
"make -j12 all" terminated with exit code 2. Build might be incomplete.
