23:46:01 **** Incremental Build of configuration Debug for project THREE_IN_ONE ****
make -j12 all 
arm-none-eabi-gcc "../Core/Src/main.c" -mcpu=cortex-m4 -std=gnu11 -g3 -DDEBUG -DUSE_HAL_DRIVER -DSTM32F407xx -c -I../Core/Inc -I../Drivers/STM32F4xx_HAL_Driver/Inc -I../Drivers/STM32F4xx_HAL_Driver/Inc/Legacy -I../Drivers/CMSIS/Device/ST/STM32F4xx/Include -I../Drivers/CMSIS/Include -O0 -ffunction-sections -fdata-sections -Wall -fstack-usage -fcyclomatic-complexity -MMD -MP -MF"Core/Src/main.d" -MT"Core/Src/main.o" --specs=nano.specs -mfpu=fpv4-sp-d16 -mfloat-abi=hard -mthumb -o "Core/Src/main.o"
arm-none-eabi-gcc "../Core/Src/system_stm32f4xx.c" -mcpu=cortex-m4 -std=gnu11 -g3 -DDEBUG -DUSE_HAL_DRIVER -DSTM32F407xx -c -I../Core/Inc -I../Drivers/STM32F4xx_HAL_Driver/Inc -I../Drivers/STM32F4xx_HAL_Driver/Inc/Legacy -I../Drivers/CMSIS/Device/ST/STM32F4xx/Include -I../Drivers/CMSIS/Include -O0 -ffunction-sections -fdata-sections -Wall -fstack-usage -fcyclomatic-complexity -MMD -MP -MF"Core/Src/system_stm32f4xx.d" -MT"Core/Src/system_stm32f4xx.o" --specs=nano.specs -mfpu=fpv4-sp-d16 -mfloat-abi=hard -mthumb -o "Core/Src/system_stm32f4xx.o"
arm-none-eabi-gcc -o "THREE_IN_ONE.elf" @"objects.list"   -mcpu=cortex-m4 -T"/home/sunbeam/Desktop/self_p/THREE_IN_ONE/STM32F407VGTX_FLASH.ld" --specs=nosys.specs -Wl,-Map="THREE_IN_ONE.map" -Wl,--gc-sections -static --specs=nano.specs -mfpu=fpv4-sp-d16 -mfloat-abi=hard -mthumb -Wl,--start-group -lc -lm -Wl,--end-group
Finished building target: THREE_IN_ONE.elf
 
arm-none-eabi-size  THREE_IN_ONE.elf 
arm-none-eabi-objdump -h -S THREE_IN_ONE.elf  > "THREE_IN_ONE.list"
   text	   data	    bss	    dec	    hex	filename
  17256	     20	   1972	  19248	   4b30	THREE_IN_ONE.elf
Finished building: default.size.stdout
 
Finished building: THREE_IN_ONE.list
 
23:48:37 **** Incremental Build of configuration Debug for project THREE_IN_ONE ****
make -j12 all 
arm-none-eabi-size  THREE_IN_ONE.elf 
   text	   data	    bss	    dec	    hex	filename
  17256	     20	   1972	  19248	   4b30	THREE_IN_ONE.elf
Finished building: default.size.stdout
 
