../Core/Src/main.c:84:6:vLEDTask	1
../Core/Src/main.c:95:6:vSenderTask	2
../Core/Src/main.c:108:6:vProcessTask	5
../Core/Src/main.c:141:6:vDisplayLEDTask	2
../Core/Src/main.c:164:6:vUARTTask	1
../Core/Src/main.c:192:5:main	1
../Core/Src/main.c:313:6:SystemClock_Config	3
../Core/Src/main.c:360:13:MX_USART2_UART_Init	2
../Core/Src/main.c:393:13:MX_GPIO_Init	1
../Core/Src/main.c:430:6:StartDefaultTask	1
../Core/Src/main.c:449:6:HAL_TIM_PeriodElapsedCallback	2
../Core/Src/main.c:467:6:Error_Handler	1
