../Core/Src/main.c:84:6:vLEDTask	24	static
../Core/Src/main.c:95:6:vSenderTask	24	static
../Core/Src/main.c:108:6:vProcessTask	32	static
../Core/Src/main.c:141:6:vDisplayLEDTask	24	static
../Core/Src/main.c:164:6:vUARTTask	128	static
../Core/Src/main.c:192:5:main	16	static
../Core/Src/main.c:313:6:SystemClock_Config	88	static
../Core/Src/main.c:360:13:MX_USART2_UART_Init	8	static
../Core/Src/main.c:393:13:MX_GPIO_Init	40	static
../Core/Src/main.c:430:6:StartDefaultTask	16	static
../Core/Src/main.c:449:6:HAL_TIM_PeriodElapsedCallback	16	static
../Core/Src/main.c:467:6:Error_Handler	4	static,ignoring_inline_asm
