../Core/Src/main.c:76:6:vLED_BlinkingTask	24	static
../Core/Src/main.c:88:6:vADCReadingTask	24	static
../Core/Src/main.c:106:6:vUARTSendingTask	88	static
../Core/Src/main.c:126:5:main	16	static
../Core/Src/main.c:210:6:SystemClock_Config	88	static
../Core/Src/main.c:257:13:MX_ADC1_Init	24	static
../Core/Src/main.c:309:13:MX_USART2_UART_Init	8	static
../Core/Src/main.c:342:13:MX_GPIO_Init	40	static
../Core/Src/main.c:379:6:StartDefaultTask	16	static
../Core/Src/main.c:398:6:HAL_TIM_PeriodElapsedCallback	16	static
../Core/Src/main.c:416:6:Error_Handler	4	static,ignoring_inline_asm
