../Core/Src/main.c:112:5:main	8	static
../Core/Src/main.c:204:6:SystemClock_Config	88	static
../Core/Src/main.c:250:13:MX_GPIO_Init	40	static
../Core/Src/main.c:287:6:StartDefaultTask	16	static
../Core/Src/main.c:305:6:Task	16	static
../Core/Src/main.c:323:6:myTask2	16	static
../Core/Src/main.c:341:6:StartTask04	16	static
../Core/Src/main.c:359:6:StartTask05	16	static
../Core/Src/main.c:378:6:HAL_TIM_PeriodElapsedCallback	16	static
../Core/Src/main.c:396:6:Error_Handler	4	static,ignoring_inline_asm
